\BOOKMARK [1][-]{section.1}{\376\377\000L\000e\000c\000t\000u\000r\000e\000\040\0002}{}% 1
\BOOKMARK [2][-]{section*.1}{\376\377\000P\000r\000o\000c\000e\000s\000s\000e\000s}{section.1}% 2
\BOOKMARK [2][-]{section*.2}{\376\377\000S\000i\000g\000n\000a\000l\000s}{section.1}% 3
\BOOKMARK [2][-]{section*.3}{\376\377\000Q\000u\000e\000s\000t\000i\000o\000n\000s}{section.1}% 4
\BOOKMARK [1][-]{section.2}{\376\377\000T\000u\000t\000o\000r\000i\000a\000l\000\040\0001}{}% 5
\BOOKMARK [2][-]{section*.4}{\376\377\000Q\000u\000e\000s\000t\000i\000o\000n\000s}{section.2}% 6
\BOOKMARK [1][-]{section.3}{\376\377\000T\000u\000t\000o\000r\000i\000a\000l\000\040\0002}{}% 7
\BOOKMARK [1][-]{section.4}{\376\377\000L\000e\000c\000t\000u\000r\000e\000\040\0003}{}% 8
\BOOKMARK [2][-]{section*.5}{\376\377\000T\000h\000r\000e\000a\000d\000s}{section.4}% 9
\BOOKMARK [2][-]{section*.6}{\376\377\000C\000o\000n\000t\000e\000x\000t\000\040\000S\000w\000i\000t\000c\000h\000i\000n\000g\000\040\000O\000v\000e\000r\000h\000e\000a\000d}{section.4}% 10
\BOOKMARK [2][-]{section*.7}{\376\377\000M\000e\000m\000o\000r\000y\000\040\000S\000h\000a\000r\000i\000n\000g\000\040\000B\000e\000t\000w\000e\000e\000n\000\040\000P\000r\000o\000c\000e\000s\000s\000e\000s}{section.4}% 11
\BOOKMARK [2][-]{section*.8}{\376\377\000T\000e\000r\000m\000i\000n\000o\000l\000o\000g\000y}{section.4}% 12
\BOOKMARK [2][-]{section*.9}{\376\377\000Q\000u\000e\000s\000t\000i\000o\000n\000s}{section.4}% 13
\BOOKMARK [1][-]{section.5}{\376\377\000T\000u\000t\000o\000r\000i\000a\000l\000\040\0003}{}% 14
\BOOKMARK [2][-]{section*.10}{\376\377\000P\000r\000o\000c\000e\000s\000s\000\040\000I\000/\000O}{section.5}% 15
\BOOKMARK [2][-]{section*.11}{\376\377\000Q\000u\000e\000s\000t\000i\000o\000n\000s}{section.5}% 16
\BOOKMARK [1][-]{section.6}{\376\377\000T\000u\000t\000o\000r\000i\000a\000l\000\040\0004}{}% 17
\BOOKMARK [1][-]{section.7}{\376\377\000L\000e\000c\000t\000u\000r\000e\000\040\0004}{}% 18
\BOOKMARK [1][-]{section.8}{\376\377\000L\000e\000c\000t\000u\000r\000e\000\040\0005}{}% 19
\BOOKMARK [1][-]{section.9}{\376\377\000T\000u\000t\000o\000r\000i\000a\000l\000\040\0005}{}% 20
\BOOKMARK [1][-]{section.10}{\376\377\000L\000e\000c\000t\000u\000r\000e\000\040\0006}{}% 21
\BOOKMARK [1][-]{section.11}{\376\377\000T\000u\000t\000o\000r\000i\000a\000l\000\040\0006}{}% 22
\BOOKMARK [1][-]{section.12}{\376\377\000L\000e\000c\000t\000u\000r\000e\000\040\0007}{}% 23
\BOOKMARK [1][-]{section.13}{\376\377\000T\000u\000t\000o\000r\000i\000a\000l\000\040\0007}{}% 24
\BOOKMARK [2][-]{section*.12}{\376\377\000Q\000u\000e\000s\000t\000i\000o\000n\000s}{section.13}% 25
\BOOKMARK [1][-]{section.14}{\376\377\000L\000e\000c\000t\000u\000r\000e\000\040\0008}{}% 26
\BOOKMARK [1][-]{section.15}{\376\377\000L\000e\000c\000t\000u\000r\000e\000\040\0009}{}% 27
\BOOKMARK [2][-]{section*.13}{\376\377\000Q\000u\000e\000s\000t\000i\000o\000n\000s}{section.15}% 28
\BOOKMARK [1][-]{section.16}{\376\377\000T\000u\000t\000o\000r\000i\000a\000l\000\040\0009}{}% 29
\BOOKMARK [1][-]{section.17}{\376\377\000T\000u\000t\000o\000r\000i\000a\000l\000\040\0001\0000}{}% 30
\BOOKMARK [1][-]{section.18}{\376\377\000L\000e\000c\000t\000u\000r\000e\000\040\0001\0001}{}% 31
\BOOKMARK [2][-]{section*.14}{\376\377\000T\000u\000t\000o\000r\000i\000a\000l\000\040\0001\0001}{section.18}% 32
\BOOKMARK [1][-]{section.19}{\376\377\000L\000e\000c\000t\000u\000r\000e\000\040\0001\0002}{}% 33
\BOOKMARK [1][-]{section.20}{\376\377\000T\000u\000t\000o\000r\000i\000a\000l\000\040\0001\0003}{}% 34
